[templates.envytheme.com/sparsity/default/index.html]
[templates.envytheme.com/sparsity/default/assets/css/bootstrap.min.css]
[templates.envytheme.com/sparsity/default/assets/css/animate.min.css]
[templates.envytheme.com/sparsity/default/assets/css/fontawesome.min.css]
[templates.envytheme.com/sparsity/default/assets/css/magnific-popup.min.css]
[templates.envytheme.com/sparsity/default/assets/css/owl.carousel.min.css]
[templates.envytheme.com/sparsity/default/assets/css/owl.theme.default.min.css]
[templates.envytheme.com/sparsity/default/assets/css/odometer.min.css]
[templates.envytheme.com/sparsity/default/assets/css/nice-select.min.css]
[templates.envytheme.com/sparsity/default/assets/css/flaticon.css]
[templates.envytheme.com/sparsity/default/assets/css/meanmenu.min.css]
[templates.envytheme.com/sparsity/default/assets/css/style.css]
[backblue.gif]
[fade.gif]
[index.html]
[templates.envytheme.com/sparsity/default/assets/css/responsive.css]
[templates.envytheme.com/sparsity/default/assets/img/favicon.png]
[templates.envytheme.com/sparsity/default/index-2.html]
[templates.envytheme.com/sparsity/default/assets/img/white-logo.png]
[templates.envytheme.com/sparsity/default/assets/img/black-logo.png]
[templates.envytheme.com/sparsity/default/index-3.html]
[templates.envytheme.com/sparsity/default/index-4.html]
[templates.envytheme.com/sparsity/default/index-5.html]
[templates.envytheme.com/sparsity/default/index-6.html]
[templates.envytheme.com/sparsity/default/index-7.html]
[templates.envytheme.com/sparsity/default/index-8.html]
[templates.envytheme.com/sparsity/default/index-9.html]
[templates.envytheme.com/sparsity/default/about-1.html]
[templates.envytheme.com/sparsity/default/about-2.html]
[templates.envytheme.com/sparsity/default/team.html]
[templates.envytheme.com/sparsity/default/pricing.html]
[templates.envytheme.com/sparsity/default/feedback.html]
[templates.envytheme.com/sparsity/default/partner.html]
[templates.envytheme.com/sparsity/default/error-404.html]
[templates.envytheme.com/sparsity/default/coming-soon.html]
[templates.envytheme.com/sparsity/default/faq.html]
[templates.envytheme.com/sparsity/default/services-1.html]
[templates.envytheme.com/sparsity/default/services-2.html]
[templates.envytheme.com/sparsity/default/services-3.html]
[templates.envytheme.com/sparsity/default/services-4.html]
[templates.envytheme.com/sparsity/default/single-services.html]
[templates.envytheme.com/sparsity/default/projects.html]
[templates.envytheme.com/sparsity/default/single-projects.html]
[templates.envytheme.com/sparsity/default/shop.html]
[templates.envytheme.com/sparsity/default/single-product.html]
[templates.envytheme.com/sparsity/default/cart.html]
[templates.envytheme.com/sparsity/default/checkout.html]
[templates.envytheme.com/sparsity/default/blog-1.html]
[templates.envytheme.com/sparsity/default/blog-2.html]
[templates.envytheme.com/sparsity/default/single-blog.html]
[templates.envytheme.com/sparsity/default/contact.html]
[templates.envytheme.com/sparsity/default/assets/img/about/1.jpg]
[templates.envytheme.com/sparsity/default/assets/img/about/2.jpg]
[templates.envytheme.com/sparsity/default/assets/img/shape/1.png]
[templates.envytheme.com/sparsity/default/assets/img/shape/2.svg]
[templates.envytheme.com/sparsity/default/assets/img/shape/3.png]
[templates.envytheme.com/sparsity/default/assets/img/shape/4.svg]
[templates.envytheme.com/sparsity/default/assets/img/shape/5.svg]
[templates.envytheme.com/sparsity/default/assets/img/shape/6.png]
[templates.envytheme.com/sparsity/default/assets/img/shape/dot1.png]
[templates.envytheme.com/sparsity/default/assets/img/shape/dot3.png]
[templates.envytheme.com/sparsity/default/assets/img/shape/dot4.png]
[templates.envytheme.com/sparsity/default/assets/img/shape/dot5.png]
[templates.envytheme.com/sparsity/default/assets/img/shape/dot6.png]
[templates.envytheme.com/sparsity/default/assets/img/woman.jpg]
[templates.envytheme.com/sparsity/default/assets/img/partner/1.png]
[templates.envytheme.com/sparsity/default/assets/img/partner/2.png]
[templates.envytheme.com/sparsity/default/assets/img/partner/3.png]
[templates.envytheme.com/sparsity/default/assets/img/client/1.jpg]
[templates.envytheme.com/sparsity/default/assets/img/client/2.jpg]
[templates.envytheme.com/sparsity/default/assets/img/client/3.jpg]
[templates.envytheme.com/sparsity/default/assets/img/blog/1.jpg]
[templates.envytheme.com/sparsity/default/assets/img/blog/2.jpg]
[templates.envytheme.com/sparsity/default/assets/img/blog/3.jpg]
[templates.envytheme.com/sparsity/default/assets/img/woman2.jpg]
[templates.envytheme.com/sparsity/default/assets/img/circle-map.png]
[templates.envytheme.com/sparsity/default/assets/js/jquery.min.js]
[templates.envytheme.com/sparsity/default/assets/js/bootstrap.bundle.min.js]
[templates.envytheme.com/sparsity/default/assets/js/jquery.magnific-popup.min.js]
[templates.envytheme.com/sparsity/default/assets/js/owl.carousel.min.js]
[templates.envytheme.com/sparsity/default/assets/js/jquery.nice-select.min.js]
[templates.envytheme.com/sparsity/default/assets/js/jquery.appear.min.js]
[templates.envytheme.com/sparsity/default/assets/js/odometer.min.js]
[templates.envytheme.com/sparsity/default/assets/js/jquery.meanmenu.js]
[templates.envytheme.com/sparsity/default/assets/js/wow.min.js]
[templates.envytheme.com/sparsity/default/assets/js/form-validator.min.js]
[templates.envytheme.com/sparsity/default/assets/js/contact-form-script.js]
[templates.envytheme.com/sparsity/default/index.html]
[templates.envytheme.com/sparsity/default/assets/css/bootstrap.min.css]
[templates.envytheme.com/sparsity/default/assets/css/animate.min.css]
[templates.envytheme.com/sparsity/default/assets/js/main.js]
[templates.envytheme.com/sparsity/default/assets/webfonts/fa-brands-400.woff2]
[templates.envytheme.com/sparsity/default/assets/webfonts/fa-brands-400.ttf]
[templates.envytheme.com/sparsity/default/assets/webfonts/fa-regular-400.woff2]
[templates.envytheme.com/sparsity/default/assets/webfonts/fa-regular-400.ttf]
[templates.envytheme.com/sparsity/default/assets/webfonts/fa-solid-900.woff2]
[templates.envytheme.com/sparsity/default/assets/webfonts/fa-solid-900.ttf]
[templates.envytheme.com/sparsity/default/assets/webfonts/fa-v4compatibility.woff2]
[templates.envytheme.com/sparsity/default/assets/css/fontawesome.min.css]
[templates.envytheme.com/sparsity/default/assets/css/magnific-popup.min.css]
[templates.envytheme.com/sparsity/default/assets/webfonts/fa-v4compatibility.ttf]
[templates.envytheme.com/sparsity/default/assets/css/owl.video.play.png]
[templates.envytheme.com/sparsity/default/assets/css/owl.carousel.min.css]
[templates.envytheme.com/sparsity/default/assets/css/owl.theme.default.min.css]
[templates.envytheme.com/sparsity/default/assets/css/odometer.min.css]
[templates.envytheme.com/sparsity/default/assets/css/nice-select.min.css]
[templates.envytheme.com/sparsity/default/assets/fonts/Flaticon.eot]
[templates.envytheme.com/sparsity/default/assets/fonts/Flaticond41d.eot]
[templates.envytheme.com/sparsity/default/assets/fonts/Flaticon.woff2]
[templates.envytheme.com/sparsity/default/assets/fonts/Flaticon.woff]
[templates.envytheme.com/sparsity/default/assets/fonts/Flaticon.ttf]
[templates.envytheme.com/sparsity/default/assets/css/flaticon.css]
[templates.envytheme.com/sparsity/default/assets/css/meanmenu.min.css]
[templates.envytheme.com/sparsity/default/assets/fonts/Flaticon.svg]
[templates.envytheme.com/sparsity/default/assets/img/main-banner.jpg]
[templates.envytheme.com/sparsity/default/assets/img/banner-bg-shape.jpg]
[templates.envytheme.com/sparsity/default/assets/img/1.png]
[templates.envytheme.com/sparsity/default/assets/img/2.png]
[templates.envytheme.com/sparsity/default/assets/img/page-title-bg1.jpg]
[templates.envytheme.com/sparsity/default/assets/img/page-title-bg2.jpg]
[templates.envytheme.com/sparsity/default/assets/img/page-title-bg3.jpg]
[templates.envytheme.com/sparsity/default/assets/img/coming-soon-bg.jpg]
[templates.envytheme.com/sparsity/default/assets/img/main-banner-bg1.jpg]
[templates.envytheme.com/sparsity/default/assets/img/main-banner-bg2.jpg]
[templates.envytheme.com/sparsity/default/assets/img/startup-banner.jpg]
[templates.envytheme.com/sparsity/default/assets/css/style.css]
[templates.envytheme.com/sparsity/default/assets/css/responsive.css]
[templates.envytheme.com/sparsity/default/index-2.html]
[templates.envytheme.com/sparsity/default/assets/img/solutions-bg.jpg]
[templates.envytheme.com/sparsity/default/assets/img/banner/1.png]
[templates.envytheme.com/sparsity/default/assets/img/banner/2.png]
[templates.envytheme.com/sparsity/default/assets/img/banner/3.png]
[templates.envytheme.com/sparsity/default/assets/img/banner/4.png]
[templates.envytheme.com/sparsity/default/assets/img/banner/5.png]
[templates.envytheme.com/sparsity/default/assets/img/banner/6.png]
[templates.envytheme.com/sparsity/default/assets/img/banner/7.png]
[templates.envytheme.com/sparsity/default/assets/img/banner/8.png]
[templates.envytheme.com/sparsity/default/assets/img/banner-image.png]
[templates.envytheme.com/sparsity/default/assets/img/icon1.png]
[templates.envytheme.com/sparsity/default/assets/img/icon2.png]
[templates.envytheme.com/sparsity/default/assets/img/icon3.png]
[templates.envytheme.com/sparsity/default/assets/img/about/3.png]
[templates.envytheme.com/sparsity/default/assets/img/services-img1.png]
[templates.envytheme.com/sparsity/default/assets/img/map.png]
[templates.envytheme.com/sparsity/default/assets/img/projects-img1.jpg]
[templates.envytheme.com/sparsity/default/assets/img/projects-img2.jpg]
[templates.envytheme.com/sparsity/default/assets/img/projects-img3.jpg]
[templates.envytheme.com/sparsity/default/assets/img/projects-img4.jpg]
[templates.envytheme.com/sparsity/default/assets/img/projects-img5.jpg]
[templates.envytheme.com/sparsity/default/assets/img/projects-shape.png]
[templates.envytheme.com/sparsity/default/assets/img/author3.jpg]
[templates.envytheme.com/sparsity/default/assets/img/author1.jpg]
[templates.envytheme.com/sparsity/default/assets/img/author2.jpg]
[templates.envytheme.com/sparsity/default/index-3.html]
[templates.envytheme.com/sparsity/default/index-4.html]
[templates.envytheme.com/sparsity/default/assets/img/free-trial-img.png]
[templates.envytheme.com/sparsity/default/index-5.html]
[templates.envytheme.com/sparsity/default/assets/img/team-smile.png]
[templates.envytheme.com/sparsity/default/assets/img/webinar-img.png]
[templates.envytheme.com/sparsity/default/index-6.html]
[templates.envytheme.com/sparsity/default/assets/img/woman-smile.png]
[templates.envytheme.com/sparsity/default/assets/img/home-six/banner/main1.png]
[templates.envytheme.com/sparsity/default/assets/img/home-six/banner/main2.png]
[templates.envytheme.com/sparsity/default/assets/img/home-six/banner/shape-1.png]
[templates.envytheme.com/sparsity/default/assets/img/home-six/banner/shape-2.png]
[templates.envytheme.com/sparsity/default/assets/img/home-six/fun-facts-shape.png]
[templates.envytheme.com/sparsity/default/assets/img/home-six/featured/icon1.png]
[templates.envytheme.com/sparsity/default/assets/img/home-six/featured/icon2.png]
[templates.envytheme.com/sparsity/default/assets/img/home-six/featured/icon3.png]
[templates.envytheme.com/sparsity/default/assets/img/home-six/about.png]
[templates.envytheme.com/sparsity/default/assets/img/home-six/services/icon1.png]
[templates.envytheme.com/sparsity/default/assets/img/home-six/services/icon2.png]
[templates.envytheme.com/sparsity/default/assets/img/home-six/services/icon3.png]
[templates.envytheme.com/sparsity/default/assets/img/home-six/services/icon4.png]
[templates.envytheme.com/sparsity/default/assets/img/home-six/services/icon5.png]
[templates.envytheme.com/sparsity/default/assets/img/home-six/services/icon6.png]
[templates.envytheme.com/sparsity/default/assets/img/home-six/services/shape.png]
[templates.envytheme.com/sparsity/default/assets/img/home-six/computer-vision/icon1.png]
[templates.envytheme.com/sparsity/default/assets/img/home-six/computer-vision/icon2.png]
[templates.envytheme.com/sparsity/default/assets/img/home-six/computer-vision/icon3.png]
[templates.envytheme.com/sparsity/default/assets/img/home-six/computer-vision/icon4.png]
[templates.envytheme.com/sparsity/default/assets/img/home-six/computer-vision/computer-vision-ai.png]
[templates.envytheme.com/sparsity/default/assets/img/home-six/pricing-shape.png]
[templates.envytheme.com/sparsity/default/assets/img/home-six/blog/blog1.jpg]
[templates.envytheme.com/sparsity/default/assets/img/home-six/blog/blog2.jpg]
[templates.envytheme.com/sparsity/default/assets/img/home-six/blog/blog3.jpg]
[templates.envytheme.com/sparsity/default/assets/img/home-six/subscribe-shape.png]
[templates.envytheme.com/sparsity/default/assets/img/home-six/footer/shape-1.png]
[templates.envytheme.com/sparsity/default/assets/img/home-six/footer/shape-2.png]
[templates.envytheme.com/sparsity/default/index-7.html]
[templates.envytheme.com/sparsity/default/assets/img/home-six/footer/shape-3.png]
[templates.envytheme.com/sparsity/default/assets/img/home-seven/banner/main.png]
[templates.envytheme.com/sparsity/default/assets/img/home-seven/banner/shape3.png]
[templates.envytheme.com/sparsity/default/assets/img/home-seven/banner/shape1.png]
[templates.envytheme.com/sparsity/default/assets/img/home-seven/banner/shape2.png]
[templates.envytheme.com/sparsity/default/assets/img/home-seven/banner/shape4.png]
[templates.envytheme.com/sparsity/default/assets/img/home-seven/fun-facts-shape.png]
[templates.envytheme.com/sparsity/default/assets/img/home-six/featured/icon4.png]
[templates.envytheme.com/sparsity/default/assets/img/home-seven/about/about.png]
[templates.envytheme.com/sparsity/default/assets/img/home-seven/about/circle.png]
[templates.envytheme.com/sparsity/default/assets/img/home-seven/about/vector.png]
[templates.envytheme.com/sparsity/default/assets/img/home-seven/business-solution/business.png]
[templates.envytheme.com/sparsity/default/assets/img/home-seven/business-solution/circle-shape.png]
[templates.envytheme.com/sparsity/default/assets/img/home-seven/testimonials-shape-1.png]
[templates.envytheme.com/sparsity/default/assets/img/home-seven/testimonials-shape-2.png]
[templates.envytheme.com/sparsity/default/index-8.html]
[templates.envytheme.com/sparsity/default/assets/img/home-six/blog/blog4.jpg]
[templates.envytheme.com/sparsity/default/assets/img/home-eight/banner/main.png]
[templates.envytheme.com/sparsity/default/assets/img/home-eight/banner/shape.png]
[templates.envytheme.com/sparsity/default/assets/img/home-eight/creativity/icon1.png]
[templates.envytheme.com/sparsity/default/assets/img/home-eight/creativity/icon2.png]
[templates.envytheme.com/sparsity/default/assets/img/home-eight/creativity/icon3.png]
[templates.envytheme.com/sparsity/default/assets/img/home-eight/creativity/icon4.png]
[templates.envytheme.com/sparsity/default/assets/img/home-eight/creativity/circle-shape.png]
[templates.envytheme.com/sparsity/default/assets/img/home-seven/business-solution/business-2.png]
[templates.envytheme.com/sparsity/default/assets/img/home-seven/business-solution/circle-shape-2.png]
[templates.envytheme.com/sparsity/default/assets/img/home-eight/team/team1.jpg]
[templates.envytheme.com/sparsity/default/assets/img/home-eight/team/team2.jpg]
[templates.envytheme.com/sparsity/default/assets/img/home-eight/team/team3.jpg]
[templates.envytheme.com/sparsity/default/assets/img/home-eight/team/team4.jpg]
[templates.envytheme.com/sparsity/default/assets/img/home-eight/team/shape-1.png]
[templates.envytheme.com/sparsity/default/assets/img/home-eight/team/shape-2.png]
[templates.envytheme.com/sparsity/default/assets/img/home-six/blog/blog5.jpg]
[templates.envytheme.com/sparsity/default/index-9.html]
[templates.envytheme.com/sparsity/default/assets/img/home-six/blog/blog6.jpg]
[templates.envytheme.com/sparsity/default/assets/img/team/1.jpg]
[templates.envytheme.com/sparsity/default/assets/img/team/2.jpg]
[templates.envytheme.com/sparsity/default/assets/img/team/3.jpg]
[templates.envytheme.com/sparsity/default/about-1.html]
[templates.envytheme.com/sparsity/default/about-2.html]
[templates.envytheme.com/sparsity/default/assets/img/team/4.jpg]
[templates.envytheme.com/sparsity/default/assets/img/team/5.jpg]
[templates.envytheme.com/sparsity/default/assets/img/team/6.jpg]
[templates.envytheme.com/sparsity/default/assets/img/team/7.jpg]
[templates.envytheme.com/sparsity/default/team.html]
[templates.envytheme.com/sparsity/default/pricing.html]
[templates.envytheme.com/sparsity/default/feedback.html]
[templates.envytheme.com/sparsity/default/partner.html]
[templates.envytheme.com/sparsity/default/assets/img/team/8.jpg]
[templates.envytheme.com/sparsity/default/error-404.html]
[templates.envytheme.com/sparsity/default/coming-soon.html]
[templates.envytheme.com/sparsity/default/assets/img/404.png]
[templates.envytheme.com/sparsity/default/assets/img/faq.png]
[templates.envytheme.com/sparsity/default/faq.html]
[templates.envytheme.com/sparsity/default/services-1.html]
[templates.envytheme.com/sparsity/default/services-2.html]
[templates.envytheme.com/sparsity/default/services-3.html]
[templates.envytheme.com/sparsity/default/services-4.html]
[templates.envytheme.com/sparsity/default/assets/img/contact.png]
[templates.envytheme.com/sparsity/default/assets/img/services-details/1.jpg]
[templates.envytheme.com/sparsity/default/single-services.html]
[templates.envytheme.com/sparsity/default/assets/img/services-details/2.jpg]
[templates.envytheme.com/sparsity/default/assets/img/projects-img6.jpg]
[templates.envytheme.com/sparsity/default/assets/img/projects-img7.jpg]
[templates.envytheme.com/sparsity/default/projects.html]
[templates.envytheme.com/sparsity/default/single-projects.html]
[templates.envytheme.com/sparsity/default/assets/img/projects-img8.jpg]
[templates.envytheme.com/sparsity/default/assets/img/shop/1.jpg]
[templates.envytheme.com/sparsity/default/assets/img/shop/1-1.jpg]
[templates.envytheme.com/sparsity/default/assets/img/shop/2.jpg]
[templates.envytheme.com/sparsity/default/assets/img/shop/2-1.jpg]
[templates.envytheme.com/sparsity/default/assets/img/shop/3.jpg]
[templates.envytheme.com/sparsity/default/assets/img/shop/3-1.jpg]
[templates.envytheme.com/sparsity/default/assets/img/shop/4.jpg]
[templates.envytheme.com/sparsity/default/assets/img/shop/4-1.jpg]
[templates.envytheme.com/sparsity/default/assets/img/shop/5.jpg]
[templates.envytheme.com/sparsity/default/assets/img/shop/5-1.jpg]
[templates.envytheme.com/sparsity/default/assets/img/shop/6.jpg]
[templates.envytheme.com/sparsity/default/shop.html]
[templates.envytheme.com/sparsity/default/assets/img/shop/6-1.jpg]
[templates.envytheme.com/sparsity/default/assets/img/payment/1.svg]
[templates.envytheme.com/sparsity/default/assets/img/payment/2.svg]
[templates.envytheme.com/sparsity/default/assets/img/payment/3.svg]
[templates.envytheme.com/sparsity/default/assets/img/payment/4.svg]
[templates.envytheme.com/sparsity/default/assets/img/payment/5.svg]
[templates.envytheme.com/sparsity/default/assets/img/payment/6.svg]
[templates.envytheme.com/sparsity/default/single-product.html]
[templates.envytheme.com/sparsity/default/cart.html]
[templates.envytheme.com/sparsity/default/checkout.html]
[templates.envytheme.com/sparsity/default/assets/img/payment/7.svg]
[templates.envytheme.com/sparsity/default/assets/img/blog/4.jpg]
[templates.envytheme.com/sparsity/default/assets/img/blog/5.jpg]
[templates.envytheme.com/sparsity/default/blog-1.html]
[templates.envytheme.com/sparsity/default/assets/img/blog/6.jpg]
[templates.envytheme.com/sparsity/default/assets/img/blog/7.jpg]
[templates.envytheme.com/sparsity/default/blog-2.html]
[templates.envytheme.com/sparsity/default/assets/img/blog/8.jpg]
[templates.envytheme.com/sparsity/default/single-blog.html]
[templates.envytheme.com/sparsity/default/contact.html]
[templates.envytheme.com/sparsity/default/assets/img/shape/2.svg]
[templates.envytheme.com/sparsity/default/assets/img/shape/4.svg]
[templates.envytheme.com/sparsity/default/assets/img/shape/5.svg]
[templates.envytheme.com/sparsity/default/assets/css/owl.video.play.html]
[templates.envytheme.com/sparsity/default/assets/fonts/Flaticon.svg]
[templates.envytheme.com/sparsity/default/assets/img/payment/1.svg]
[templates.envytheme.com/sparsity/default/assets/img/payment/2.svg]
[templates.envytheme.com/sparsity/default/assets/img/payment/3.svg]
[templates.envytheme.com/sparsity/default/assets/img/payment/4.svg]
[templates.envytheme.com/sparsity/default/assets/img/payment/5.svg]
[templates.envytheme.com/sparsity/default/assets/img/payment/6.svg]
[templates.envytheme.com/sparsity/default/assets/img/payment/7.svg]
[templates.envytheme.com/sparsity/default/assets/img/author4.jpg]
